0 verbose cli /usr/local/bin/node /usr/local/bin/npm
1 info using npm@11.6.2
2 info using node@v25.2.1
3 silly config load:file:/usr/local/lib/node_modules/npm/npmrc
4 silly config load:file:/Users/luciarc/Bifimed/.npmrc
5 silly config load:file:/Users/luciarc/.npmrc
6 silly config load:file:/usr/local/etc/npmrc
7 verbose title npm install
8 verbose argv "install" "--loglevel" "verbose"
9 verbose logfile logs-max:10 dir:/Users/luciarc/Bifimed/.npm-cache/_logs/2026-02-26T15_54_33_393Z-
10 verbose logfile /Users/luciarc/Bifimed/.npm-cache/_logs/2026-02-26T15_54_33_393Z-debug-0.log
11 silly logfile done cleaning log files
12 silly packumentCache heap:4496293888 maxSize:1124073472 maxEntrySize:562036736
13 silly idealTree buildDeps
14 silly fetch manifest cheerio@^1.0.0
15 silly packumentCache full:https://registry.npmjs.org/cheerio cache-miss
16 http fetch GET 200 https://registry.npmjs.org/cheerio 323ms (cache miss)
17 silly packumentCache full:https://registry.npmjs.org/cheerio set size:undefined disposed:false
18 silly fetch manifest express@^4.21.2
19 silly packumentCache full:https://registry.npmjs.org/express cache-miss
20 http fetch GET 200 https://registry.npmjs.org/express 122ms (cache miss)
21 silly packumentCache full:https://registry.npmjs.org/express set size:undefined disposed:false
22 silly placeDep ROOT cheerio@1.2.0 OK for: bifimed-cima-proxy-demo@1.0.0 want: ^1.0.0
23 silly placeDep ROOT express@4.22.1 OK for: bifimed-cima-proxy-demo@1.0.0 want: ^4.21.2
24 silly fetch manifest parse5@^7.3.0
25 silly packumentCache full:https://registry.npmjs.org/parse5 cache-miss
26 silly fetch manifest undici@^7.19.0
27 silly packumentCache full:https://registry.npmjs.org/undici cache-miss
28 silly fetch manifest domutils@^3.2.2
29 silly packumentCache full:https://registry.npmjs.org/domutils cache-miss
30 silly fetch manifest domhandler@^5.0.3
31 silly packumentCache full:https://registry.npmjs.org/domhandler cache-miss
32 silly fetch manifest htmlparser2@^10.1.0
33 silly packumentCache full:https://registry.npmjs.org/htmlparser2 cache-miss
34 silly fetch manifest cheerio-select@^2.1.0
35 silly packumentCache full:https://registry.npmjs.org/cheerio-select cache-miss
36 silly fetch manifest dom-serializer@^2.0.0
37 silly packumentCache full:https://registry.npmjs.org/dom-serializer cache-miss
38 http fetch GET 200 https://registry.npmjs.org/parse5 76ms (cache miss)
39 silly packumentCache full:https://registry.npmjs.org/parse5 set size:undefined disposed:false
40 silly fetch manifest whatwg-mimetype@^4.0.0
41 silly packumentCache full:https://registry.npmjs.org/whatwg-mimetype cache-miss
42 http fetch GET 200 https://registry.npmjs.org/whatwg-mimetype 74ms (cache miss)
43 silly packumentCache full:https://registry.npmjs.org/whatwg-mimetype set size:undefined disposed:false
44 silly fetch manifest encoding-sniffer@^0.2.1
45 silly packumentCache full:https://registry.npmjs.org/encoding-sniffer cache-miss
46 http fetch GET 200 https://registry.npmjs.org/domutils 156ms (cache miss)
47 silly packumentCache full:https://registry.npmjs.org/domutils set size:undefined disposed:false
48 silly fetch manifest parse5-parser-stream@^7.1.2
49 silly packumentCache full:https://registry.npmjs.org/parse5-parser-stream cache-miss
50 http fetch GET 200 https://registry.npmjs.org/dom-serializer 172ms (cache miss)
51 silly packumentCache full:https://registry.npmjs.org/dom-serializer set size:undefined disposed:false
52 silly fetch manifest parse5-htmlparser2-tree-adapter@^7.1.0
53 silly packumentCache full:https://registry.npmjs.org/parse5-htmlparser2-tree-adapter cache-miss
54 http fetch GET 200 https://registry.npmjs.org/domhandler 191ms (cache miss)
55 silly packumentCache full:https://registry.npmjs.org/domhandler set size:undefined disposed:false
56 silly fetch manifest qs@~6.14.0
57 silly packumentCache full:https://registry.npmjs.org/qs cache-miss
58 http fetch GET 200 https://registry.npmjs.org/cheerio-select 202ms (cache miss)
59 silly packumentCache full:https://registry.npmjs.org/cheerio-select set size:undefined disposed:false
60 silly fetch manifest depd@2.0.0
61 silly packumentCache full:https://registry.npmjs.org/depd cache-miss
62 http fetch GET 200 https://registry.npmjs.org/parse5-parser-stream 69ms (cache miss)
63 silly packumentCache full:https://registry.npmjs.org/parse5-parser-stream set size:undefined disposed:false
64 silly fetch manifest etag@~1.8.1
65 silly packumentCache full:https://registry.npmjs.org/etag cache-miss
66 http fetch GET 200 https://registry.npmjs.org/parse5-htmlparser2-tree-adapter 69ms (cache miss)
67 silly packumentCache full:https://registry.npmjs.org/parse5-htmlparser2-tree-adapter set size:undefined disposed:false
68 silly fetch manifest send@~0.19.0
69 silly packumentCache full:https://registry.npmjs.org/send cache-miss
70 http fetch GET 200 https://registry.npmjs.org/encoding-sniffer 132ms (cache miss)
71 silly packumentCache full:https://registry.npmjs.org/encoding-sniffer set size:undefined disposed:false
72 silly fetch manifest vary@~1.1.2
73 silly packumentCache full:https://registry.npmjs.org/vary cache-miss
74 http fetch GET 200 https://registry.npmjs.org/htmlparser2 289ms (cache miss)
75 silly packumentCache full:https://registry.npmjs.org/htmlparser2 set size:undefined disposed:false
76 silly fetch manifest debug@2.6.9
77 silly packumentCache full:https://registry.npmjs.org/debug cache-miss
78 http fetch GET 200 https://registry.npmjs.org/etag 64ms (cache miss)
79 silly packumentCache full:https://registry.npmjs.org/etag set size:undefined disposed:false
80 silly fetch manifest fresh@~0.5.2
81 silly packumentCache full:https://registry.npmjs.org/fresh cache-miss
82 http fetch GET 200 https://registry.npmjs.org/depd 155ms (cache miss)
83 silly packumentCache full:https://registry.npmjs.org/depd set size:undefined disposed:false
84 silly fetch manifest cookie@~0.7.1
85 silly packumentCache full:https://registry.npmjs.org/cookie cache-miss
86 http fetch GET 200 https://registry.npmjs.org/fresh 68ms (cache miss)
87 silly packumentCache full:https://registry.npmjs.org/fresh set size:undefined disposed:false
88 silly fetch manifest accepts@~1.3.8
89 silly packumentCache full:https://registry.npmjs.org/accepts cache-miss
90 http fetch GET 200 https://registry.npmjs.org/send 139ms (cache miss)
91 silly packumentCache full:https://registry.npmjs.org/send set size:undefined disposed:false
92 silly fetch manifest methods@~1.1.2
93 silly packumentCache full:https://registry.npmjs.org/methods cache-miss
94 http fetch GET 200 https://registry.npmjs.org/vary 131ms (cache miss)
95 silly packumentCache full:https://registry.npmjs.org/vary set size:undefined disposed:false
96 silly fetch manifest type-is@~1.6.18
97 silly packumentCache full:https://registry.npmjs.org/type-is cache-miss
98 http fetch GET 200 https://registry.npmjs.org/methods 61ms (cache miss)
99 silly packumentCache full:https://registry.npmjs.org/methods set size:undefined disposed:false
100 silly fetch manifest parseurl@~1.3.3
101 silly packumentCache full:https://registry.npmjs.org/parseurl cache-miss
102 http fetch GET 200 https://registry.npmjs.org/cookie 110ms (cache miss)
103 silly packumentCache full:https://registry.npmjs.org/cookie set size:undefined disposed:false
104 silly fetch manifest statuses@~2.0.1
105 silly packumentCache full:https://registry.npmjs.org/statuses cache-miss
106 http fetch GET 200 https://registry.npmjs.org/accepts 114ms (cache miss)
107 silly packumentCache full:https://registry.npmjs.org/accepts set size:undefined disposed:false
108 silly fetch manifest encodeurl@~2.0.0
109 silly packumentCache full:https://registry.npmjs.org/encodeurl cache-miss
110 http fetch GET 200 https://registry.npmjs.org/qs 297ms (cache miss)
111 silly packumentCache full:https://registry.npmjs.org/qs set size:undefined disposed:false
112 silly fetch manifest proxy-addr@~2.0.7
113 silly packumentCache full:https://registry.npmjs.org/proxy-addr cache-miss
114 http fetch GET 200 https://registry.npmjs.org/parseurl 53ms (cache miss)
115 silly packumentCache full:https://registry.npmjs.org/parseurl set size:undefined disposed:false
116 silly fetch manifest body-parser@~1.20.3
117 silly packumentCache full:https://registry.npmjs.org/body-parser cache-miss
118 http fetch GET 200 https://registry.npmjs.org/statuses 62ms (cache miss)
119 silly packumentCache full:https://registry.npmjs.org/statuses set size:undefined disposed:false
120 silly fetch manifest escape-html@~1.0.3
121 silly packumentCache full:https://registry.npmjs.org/escape-html cache-miss
122 http fetch GET 200 https://registry.npmjs.org/debug 258ms (cache miss)
123 silly packumentCache full:https://registry.npmjs.org/debug set size:undefined disposed:false
124 silly fetch manifest http-errors@~2.0.0
125 silly packumentCache full:https://registry.npmjs.org/http-errors cache-miss
126 http fetch GET 200 https://registry.npmjs.org/proxy-addr 69ms (cache miss)
127 silly packumentCache full:https://registry.npmjs.org/proxy-addr set size:undefined disposed:false
128 silly fetch manifest on-finished@~2.4.1
129 silly packumentCache full:https://registry.npmjs.org/on-finished cache-miss
130 http fetch GET 200 https://registry.npmjs.org/type-is 153ms (cache miss)
131 silly packumentCache full:https://registry.npmjs.org/type-is set size:undefined disposed:false
132 silly fetch manifest safe-buffer@5.2.1
133 silly packumentCache full:https://registry.npmjs.org/safe-buffer cache-miss
134 http fetch GET 200 https://registry.npmjs.org/encodeurl 98ms (cache miss)
135 silly packumentCache full:https://registry.npmjs.org/encodeurl set size:undefined disposed:false
136 silly fetch manifest utils-merge@1.0.1
137 silly packumentCache full:https://registry.npmjs.org/utils-merge cache-miss
138 http fetch GET 200 https://registry.npmjs.org/escape-html 44ms (cache miss)
139 silly packumentCache full:https://registry.npmjs.org/escape-html set size:undefined disposed:false
140 silly fetch manifest content-type@~1.0.4
141 silly packumentCache full:https://registry.npmjs.org/content-type cache-miss
142 http fetch GET 200 https://registry.npmjs.org/on-finished 69ms (cache miss)
143 silly packumentCache full:https://registry.npmjs.org/on-finished set size:undefined disposed:false
144 silly fetch manifest finalhandler@~1.3.1
145 silly packumentCache full:https://registry.npmjs.org/finalhandler cache-miss
146 http fetch GET 200 https://registry.npmjs.org/content-type 60ms (cache miss)
147 silly packumentCache full:https://registry.npmjs.org/content-type set size:undefined disposed:false
148 silly fetch manifest range-parser@~1.2.1
149 silly packumentCache full:https://registry.npmjs.org/range-parser cache-miss
150 http fetch GET 200 https://registry.npmjs.org/http-errors 100ms (cache miss)
151 silly packumentCache full:https://registry.npmjs.org/http-errors set size:undefined disposed:false
152 silly fetch manifest serve-static@~1.16.2
153 silly packumentCache full:https://registry.npmjs.org/serve-static cache-miss
154 http fetch GET 200 https://registry.npmjs.org/body-parser 153ms (cache miss)
155 silly packumentCache full:https://registry.npmjs.org/body-parser set size:undefined disposed:false
156 silly fetch manifest array-flatten@1.1.1
157 silly packumentCache full:https://registry.npmjs.org/array-flatten cache-miss
158 http fetch GET 200 https://registry.npmjs.org/safe-buffer 92ms (cache miss)
159 silly packumentCache full:https://registry.npmjs.org/safe-buffer set size:undefined disposed:false
160 silly fetch manifest path-to-regexp@~0.1.12
161 silly packumentCache full:https://registry.npmjs.org/path-to-regexp cache-miss
162 http fetch GET 200 https://registry.npmjs.org/undici 665ms (cache miss)
163 silly packumentCache full:https://registry.npmjs.org/undici set size:undefined disposed:false
164 silly fetch manifest setprototypeof@1.2.0
165 silly packumentCache full:https://registry.npmjs.org/setprototypeof cache-miss
166 http fetch GET 200 https://registry.npmjs.org/range-parser 47ms (cache miss)
167 silly packumentCache full:https://registry.npmjs.org/range-parser set size:undefined disposed:false
168 silly fetch manifest cookie-signature@~1.0.6
169 silly packumentCache full:https://registry.npmjs.org/cookie-signature cache-miss
170 http fetch GET 200 https://registry.npmjs.org/finalhandler 60ms (cache miss)
171 silly packumentCache full:https://registry.npmjs.org/finalhandler set size:undefined disposed:false
172 silly fetch manifest merge-descriptors@1.0.3
173 silly packumentCache full:https://registry.npmjs.org/merge-descriptors cache-miss
174 http fetch GET 200 https://registry.npmjs.org/utils-merge 118ms (cache miss)
175 silly packumentCache full:https://registry.npmjs.org/utils-merge set size:undefined disposed:false
176 silly fetch manifest content-disposition@~0.5.4
177 silly packumentCache full:https://registry.npmjs.org/content-disposition cache-miss
178 http fetch GET 200 https://registry.npmjs.org/array-flatten 45ms (cache miss)
179 silly packumentCache full:https://registry.npmjs.org/array-flatten set size:undefined disposed:false
180 http fetch GET 200 https://registry.npmjs.org/setprototypeof 54ms (cache miss)
181 silly packumentCache full:https://registry.npmjs.org/setprototypeof set size:undefined disposed:false
182 http fetch GET 200 https://registry.npmjs.org/serve-static 82ms (cache miss)
183 silly packumentCache full:https://registry.npmjs.org/serve-static set size:undefined disposed:false
184 http fetch GET 200 https://registry.npmjs.org/merge-descriptors 45ms (cache miss)
185 silly packumentCache full:https://registry.npmjs.org/merge-descriptors set size:undefined disposed:false
186 http fetch GET 200 https://registry.npmjs.org/cookie-signature 51ms (cache miss)
187 silly packumentCache full:https://registry.npmjs.org/cookie-signature set size:undefined disposed:false
188 http fetch GET 200 https://registry.npmjs.org/content-disposition 64ms (cache miss)
189 silly packumentCache full:https://registry.npmjs.org/content-disposition set size:undefined disposed:false
190 http fetch GET 200 https://registry.npmjs.org/path-to-regexp 111ms (cache miss)
191 silly packumentCache full:https://registry.npmjs.org/path-to-regexp set size:undefined disposed:false
192 silly placeDep ROOT cheerio-select@2.1.0 OK for: cheerio@1.2.0 want: ^2.1.0
193 silly placeDep ROOT dom-serializer@2.0.0 OK for: cheerio@1.2.0 want: ^2.0.0
194 silly placeDep ROOT domhandler@5.0.3 OK for: cheerio@1.2.0 want: ^5.0.3
195 silly placeDep ROOT domutils@3.2.2 OK for: cheerio@1.2.0 want: ^3.2.2
196 silly placeDep ROOT encoding-sniffer@0.2.1 OK for: cheerio@1.2.0 want: ^0.2.1
197 silly placeDep ROOT htmlparser2@10.1.0 OK for: cheerio@1.2.0 want: ^10.1.0
198 silly placeDep ROOT parse5@7.3.0 OK for: cheerio@1.2.0 want: ^7.3.0
199 silly placeDep ROOT parse5-htmlparser2-tree-adapter@7.1.0 OK for: cheerio@1.2.0 want: ^7.1.0
200 silly placeDep ROOT parse5-parser-stream@7.1.2 OK for: cheerio@1.2.0 want: ^7.1.2
201 silly placeDep ROOT undici@7.22.0 OK for: cheerio@1.2.0 want: ^7.19.0
202 silly placeDep ROOT whatwg-mimetype@4.0.0 OK for: cheerio@1.2.0 want: ^4.0.0
203 silly fetch manifest boolbase@^1.0.0
204 silly packumentCache full:https://registry.npmjs.org/boolbase cache-miss
205 silly fetch manifest css-what@^6.1.0
206 silly packumentCache full:https://registry.npmjs.org/css-what cache-miss
207 silly fetch manifest domutils@^3.0.1
208 silly packumentCache full:https://registry.npmjs.org/domutils cache-miss
209 silly fetch manifest css-select@^5.1.0
210 silly packumentCache full:https://registry.npmjs.org/css-select cache-miss
211 silly fetch manifest domelementtype@^2.3.0
212 silly packumentCache full:https://registry.npmjs.org/domelementtype cache-miss
213 silly fetch manifest entities@^4.2.0
214 silly packumentCache full:https://registry.npmjs.org/entities cache-miss
215 silly fetch manifest domhandler@^5.0.2
216 silly packumentCache full:https://registry.npmjs.org/domhandler cache-miss
217 http cache https://registry.npmjs.org/domutils 4ms (cache hit)
218 silly packumentCache full:https://registry.npmjs.org/domutils set size:102772 disposed:false
219 silly fetch manifest domelementtype@^2.3.0
220 silly packumentCache full:https://registry.npmjs.org/domelementtype cache-miss
221 http cache https://registry.npmjs.org/domhandler 5ms (cache hit)
222 silly packumentCache full:https://registry.npmjs.org/domhandler set size:73300 disposed:false
223 silly fetch manifest domelementtype@^2.3.0
224 silly packumentCache full:https://registry.npmjs.org/domelementtype cache-miss
225 http fetch GET 200 https://registry.npmjs.org/boolbase 40ms (cache miss)
226 silly packumentCache full:https://registry.npmjs.org/boolbase set size:undefined disposed:false
227 silly fetch manifest domelementtype@^2.3.0
228 silly packumentCache full:https://registry.npmjs.org/domelementtype cache-miss
229 http fetch GET 200 https://registry.npmjs.org/domelementtype 49ms (cache miss)
230 silly packumentCache full:https://registry.npmjs.org/domelementtype set size:undefined disposed:false
231 silly fetch manifest iconv-lite@^0.6.3
232 silly packumentCache full:https://registry.npmjs.org/iconv-lite cache-miss
233 http fetch GET 200 https://registry.npmjs.org/domelementtype 67ms (cache miss)
234 silly packumentCache full:https://registry.npmjs.org/domelementtype set size:undefined disposed:false
235 silly fetch manifest whatwg-encoding@^3.1.1
236 silly packumentCache full:https://registry.npmjs.org/whatwg-encoding cache-miss
237 http fetch GET 200 https://registry.npmjs.org/domelementtype 108ms (cache miss)
238 silly packumentCache full:https://registry.npmjs.org/domelementtype set size:undefined disposed:false
239 silly fetch manifest entities@^7.0.1
240 silly packumentCache full:https://registry.npmjs.org/entities cache-miss
241 http fetch GET 200 https://registry.npmjs.org/domelementtype 94ms (cache miss)
242 silly packumentCache full:https://registry.npmjs.org/domelementtype set size:undefined disposed:false
243 silly fetch manifest entities@^6.0.0
244 silly packumentCache full:https://registry.npmjs.org/entities cache-miss
245 http fetch GET 200 https://registry.npmjs.org/css-what 137ms (cache miss)
246 silly packumentCache full:https://registry.npmjs.org/css-what set size:undefined disposed:false
247 http fetch GET 200 https://registry.npmjs.org/entities 138ms (cache miss)
248 silly packumentCache full:https://registry.npmjs.org/entities set size:undefined disposed:false
249 http fetch GET 200 https://registry.npmjs.org/iconv-lite 106ms (cache miss)
250 silly packumentCache full:https://registry.npmjs.org/iconv-lite set size:undefined disposed:false
251 http fetch GET 200 https://registry.npmjs.org/whatwg-encoding 90ms (cache miss)
252 silly packumentCache full:https://registry.npmjs.org/whatwg-encoding set size:undefined disposed:false
253 http fetch GET 200 https://registry.npmjs.org/css-select 177ms (cache miss)
254 silly packumentCache full:https://registry.npmjs.org/css-select set size:undefined disposed:false
255 http fetch GET 200 https://registry.npmjs.org/entities 87ms (cache miss)
256 silly packumentCache full:https://registry.npmjs.org/entities set size:undefined disposed:false
257 http fetch GET 200 https://registry.npmjs.org/entities 131ms (cache miss)
258 silly packumentCache full:https://registry.npmjs.org/entities set size:undefined disposed:false
259 silly placeDep ROOT boolbase@1.0.0 OK for: cheerio-select@2.1.0 want: ^1.0.0
260 silly placeDep ROOT css-select@5.2.2 OK for: cheerio-select@2.1.0 want: ^5.1.0
261 silly placeDep ROOT css-what@6.2.2 OK for: cheerio-select@2.1.0 want: ^6.1.0
262 silly placeDep ROOT domelementtype@2.3.0 OK for: cheerio-select@2.1.0 want: ^2.3.0
263 silly fetch manifest nth-check@^2.0.1
264 silly packumentCache full:https://registry.npmjs.org/nth-check cache-miss
265 http fetch GET 200 https://registry.npmjs.org/nth-check 45ms (cache miss)
266 silly packumentCache full:https://registry.npmjs.org/nth-check set size:undefined disposed:false
267 silly placeDep ROOT nth-check@2.1.1 OK for: css-select@5.2.2 want: ^2.0.1
268 silly placeDep ROOT entities@4.5.0 OK for: dom-serializer@2.0.0 want: ^4.2.0
269 silly placeDep ROOT iconv-lite@0.6.3 OK for: encoding-sniffer@0.2.1 want: ^0.6.3
270 silly placeDep ROOT whatwg-encoding@3.1.1 OK for: encoding-sniffer@0.2.1 want: ^3.1.1
271 silly fetch manifest safer-buffer@>= 2.1.2 < 3.0.0
272 silly packumentCache full:https://registry.npmjs.org/safer-buffer cache-miss
273 http fetch GET 200 https://registry.npmjs.org/safer-buffer 62ms (cache miss)
274 silly packumentCache full:https://registry.npmjs.org/safer-buffer set size:undefined disposed:false
275 silly placeDep ROOT accepts@1.3.8 OK for: express@4.22.1 want: ~1.3.8
276 silly placeDep ROOT array-flatten@1.1.1 OK for: express@4.22.1 want: 1.1.1
277 silly placeDep ROOT body-parser@1.20.4 OK for: express@4.22.1 want: ~1.20.3
278 silly placeDep ROOT content-disposition@0.5.4 OK for: express@4.22.1 want: ~0.5.4
279 silly placeDep ROOT content-type@1.0.5 OK for: express@4.22.1 want: ~1.0.4
280 silly placeDep ROOT cookie@0.7.2 OK for: express@4.22.1 want: ~0.7.1
281 silly placeDep ROOT cookie-signature@1.0.7 OK for: express@4.22.1 want: ~1.0.6
282 silly placeDep ROOT debug@2.6.9 OK for: express@4.22.1 want: 2.6.9
283 silly placeDep ROOT depd@2.0.0 OK for: express@4.22.1 want: 2.0.0
284 silly placeDep ROOT encodeurl@2.0.0 OK for: express@4.22.1 want: ~2.0.0
285 silly placeDep ROOT escape-html@1.0.3 OK for: express@4.22.1 want: ~1.0.3
286 silly placeDep ROOT etag@1.8.1 OK for: express@4.22.1 want: ~1.8.1
287 silly placeDep ROOT finalhandler@1.3.2 OK for: express@4.22.1 want: ~1.3.1
288 silly placeDep ROOT fresh@0.5.2 OK for: express@4.22.1 want: ~0.5.2
289 silly placeDep ROOT http-errors@2.0.1 OK for: express@4.22.1 want: ~2.0.0
290 silly placeDep ROOT merge-descriptors@1.0.3 OK for: express@4.22.1 want: 1.0.3
291 silly placeDep ROOT methods@1.1.2 OK for: express@4.22.1 want: ~1.1.2
292 silly placeDep ROOT on-finished@2.4.1 OK for: express@4.22.1 want: ~2.4.1
293 silly placeDep ROOT parseurl@1.3.3 OK for: express@4.22.1 want: ~1.3.3
294 silly placeDep ROOT path-to-regexp@0.1.12 OK for: express@4.22.1 want: ~0.1.12
295 silly placeDep ROOT proxy-addr@2.0.7 OK for: express@4.22.1 want: ~2.0.7
296 silly placeDep ROOT qs@6.14.2 OK for: express@4.22.1 want: ~6.14.0
297 silly placeDep ROOT range-parser@1.2.1 OK for: express@4.22.1 want: ~1.2.1
298 silly placeDep ROOT safe-buffer@5.2.1 OK for: express@4.22.1 want: 5.2.1
299 silly placeDep ROOT send@0.19.2 OK for: express@4.22.1 want: ~0.19.0
300 silly placeDep ROOT serve-static@1.16.3 OK for: express@4.22.1 want: ~1.16.2
301 silly placeDep ROOT setprototypeof@1.2.0 OK for: express@4.22.1 want: 1.2.0
302 silly placeDep ROOT statuses@2.0.2 OK for: express@4.22.1 want: ~2.0.1
303 silly placeDep ROOT type-is@1.6.18 OK for: express@4.22.1 want: ~1.6.18
304 silly placeDep ROOT utils-merge@1.0.1 OK for: express@4.22.1 want: 1.0.1
305 silly placeDep ROOT vary@1.1.2 OK for: express@4.22.1 want: ~1.1.2
306 silly fetch manifest mime-types@~2.1.34
307 silly packumentCache full:https://registry.npmjs.org/mime-types cache-miss
308 silly fetch manifest negotiator@0.6.3
309 silly packumentCache full:https://registry.npmjs.org/negotiator cache-miss
310 silly fetch manifest bytes@~3.1.2
311 silly packumentCache full:https://registry.npmjs.org/bytes cache-miss
312 silly fetch manifest unpipe@~1.0.0
313 silly packumentCache full:https://registry.npmjs.org/unpipe cache-miss
314 silly fetch manifest destroy@~1.2.0
315 silly packumentCache full:https://registry.npmjs.org/destroy cache-miss
316 silly fetch manifest raw-body@~2.5.3
317 silly packumentCache full:https://registry.npmjs.org/raw-body cache-miss
318 silly fetch manifest iconv-lite@~0.4.24
319 silly packumentCache full:https://registry.npmjs.org/iconv-lite cache-miss
320 http cache https://registry.npmjs.org/iconv-lite 4ms (cache hit)
321 silly packumentCache full:https://registry.npmjs.org/iconv-lite set size:120557 disposed:false
322 silly fetch manifest http-errors@~2.0.1
323 silly packumentCache full:https://registry.npmjs.org/http-errors cache-miss
324 http cache https://registry.npmjs.org/http-errors 1ms (cache hit)
325 silly packumentCache full:https://registry.npmjs.org/http-errors set size:71987 disposed:false
326 silly fetch manifest content-type@~1.0.5
327 silly packumentCache full:https://registry.npmjs.org/content-type cache-miss
328 http cache https://registry.npmjs.org/content-type 1ms (cache hit)
329 silly packumentCache full:https://registry.npmjs.org/content-type set size:17311 disposed:false
330 silly fetch manifest ms@2.0.0
331 silly packumentCache full:https://registry.npmjs.org/ms cache-miss
332 http fetch GET 200 https://registry.npmjs.org/unpipe 58ms (cache miss)
333 silly packumentCache full:https://registry.npmjs.org/unpipe set size:undefined disposed:false
334 silly fetch manifest statuses@~2.0.2
335 silly packumentCache full:https://registry.npmjs.org/statuses cache-miss
336 http cache https://registry.npmjs.org/statuses 1ms (cache hit)
337 silly packumentCache full:https://registry.npmjs.org/statuses set size:37117 disposed:false
338 silly fetch manifest inherits@~2.0.4
339 silly packumentCache full:https://registry.npmjs.org/inherits cache-miss
340 http fetch GET 200 https://registry.npmjs.org/destroy 71ms (cache miss)
341 silly packumentCache full:https://registry.npmjs.org/destroy set size:undefined disposed:false
342 silly fetch manifest setprototypeof@~1.2.0
343 silly packumentCache full:https://registry.npmjs.org/setprototypeof cache-miss
344 http cache https://registry.npmjs.org/setprototypeof 1ms (cache hit)
345 silly packumentCache full:https://registry.npmjs.org/setprototypeof set size:14532 disposed:false
346 silly fetch manifest toidentifier@~1.0.1
347 silly packumentCache full:https://registry.npmjs.org/toidentifier cache-miss
348 http fetch GET 200 https://registry.npmjs.org/negotiator 89ms (cache miss)
349 silly packumentCache full:https://registry.npmjs.org/negotiator set size:undefined disposed:false
350 silly fetch manifest ee-first@1.1.1
351 silly packumentCache full:https://registry.npmjs.org/ee-first cache-miss
352 http fetch GET 200 https://registry.npmjs.org/ms 118ms (cache miss)
353 silly packumentCache full:https://registry.npmjs.org/ms set size:undefined disposed:false
354 silly fetch manifest forwarded@0.2.0
355 silly packumentCache full:https://registry.npmjs.org/forwarded cache-miss
356 http fetch GET 200 https://registry.npmjs.org/inherits 68ms (cache miss)
357 silly packumentCache full:https://registry.npmjs.org/inherits set size:undefined disposed:false
358 silly fetch manifest ipaddr.js@1.9.1
359 silly packumentCache full:https://registry.npmjs.org/ipaddr.js cache-miss
360 http fetch GET 200 https://registry.npmjs.org/bytes 134ms (cache miss)
361 silly packumentCache full:https://registry.npmjs.org/bytes set size:undefined disposed:false
362 silly fetch manifest side-channel@^1.1.0
363 silly packumentCache full:https://registry.npmjs.org/side-channel cache-miss
364 http fetch GET 200 https://registry.npmjs.org/toidentifier 63ms (cache miss)
365 silly packumentCache full:https://registry.npmjs.org/toidentifier set size:undefined disposed:false
366 silly fetch manifest ms@2.1.3
367 silly packumentCache full:https://registry.npmjs.org/ms cache-miss
368 http cache https://registry.npmjs.org/ms 1ms (cache hit)
369 silly packumentCache full:https://registry.npmjs.org/ms set size:92208 disposed:false
370 silly fetch manifest mime@1.6.0
371 silly packumentCache full:https://registry.npmjs.org/mime cache-miss
372 http fetch GET 200 https://registry.npmjs.org/raw-body 141ms (cache miss)
373 silly packumentCache full:https://registry.npmjs.org/raw-body set size:undefined disposed:false
374 silly fetch manifest destroy@1.2.0
375 silly packumentCache full:https://registry.npmjs.org/destroy cache-miss
376 http cache https://registry.npmjs.org/destroy 1ms (cache hit)
377 silly packumentCache full:https://registry.npmjs.org/destroy set size:15738 disposed:false
378 silly fetch manifest mime-types@~2.1.24
379 silly packumentCache full:https://registry.npmjs.org/mime-types cache-miss
380 http fetch GET 200 https://registry.npmjs.org/ee-first 57ms (cache miss)
381 silly packumentCache full:https://registry.npmjs.org/ee-first set size:undefined disposed:false
382 silly fetch manifest media-typer@0.3.0
383 silly packumentCache full:https://registry.npmjs.org/media-typer cache-miss
384 http fetch GET 200 https://registry.npmjs.org/mime-types 149ms (cache miss)
385 silly packumentCache full:https://registry.npmjs.org/mime-types set size:undefined disposed:false
386 http fetch GET 200 https://registry.npmjs.org/forwarded 40ms (cache miss)
387 silly packumentCache full:https://registry.npmjs.org/forwarded set size:undefined disposed:false
388 http fetch GET 200 https://registry.npmjs.org/ipaddr.js 59ms (cache miss)
389 silly packumentCache full:https://registry.npmjs.org/ipaddr.js set size:undefined disposed:false
390 http fetch GET 200 https://registry.npmjs.org/media-typer 45ms (cache miss)
391 silly packumentCache full:https://registry.npmjs.org/media-typer set size:undefined disposed:false
392 http fetch GET 200 https://registry.npmjs.org/side-channel 79ms (cache miss)
393 silly packumentCache full:https://registry.npmjs.org/side-channel set size:undefined disposed:false
394 http fetch GET 200 https://registry.npmjs.org/mime-types 88ms (cache miss)
395 silly packumentCache full:https://registry.npmjs.org/mime-types set size:undefined disposed:false
396 http fetch GET 200 https://registry.npmjs.org/mime 119ms (cache miss)
397 silly packumentCache full:https://registry.npmjs.org/mime set size:undefined disposed:false
398 silly placeDep ROOT mime-types@2.1.35 OK for: accepts@1.3.8 want: ~2.1.34
399 silly placeDep ROOT negotiator@0.6.3 OK for: accepts@1.3.8 want: 0.6.3
400 silly fetch manifest mime-db@1.52.0
401 silly packumentCache full:https://registry.npmjs.org/mime-db cache-miss
402 http fetch GET 200 https://registry.npmjs.org/mime-db 64ms (cache miss)
403 silly packumentCache full:https://registry.npmjs.org/mime-db set size:undefined disposed:false
404 silly placeDep ROOT bytes@3.1.2 OK for: body-parser@1.20.4 want: ~3.1.2
405 silly placeDep ROOT destroy@1.2.0 OK for: body-parser@1.20.4 want: ~1.2.0
406 silly placeDep node_modules/body-parser iconv-lite@0.4.24 OK for: body-parser@1.20.4 want: ~0.4.24
407 silly placeDep ROOT raw-body@2.5.3 OK for: body-parser@1.20.4 want: ~2.5.3
408 silly placeDep ROOT unpipe@1.0.0 OK for: body-parser@1.20.4 want: ~1.0.0
409 silly fetch manifest safer-buffer@>= 2.1.2 < 3
410 silly packumentCache full:https://registry.npmjs.org/safer-buffer cache-miss
411 http cache https://registry.npmjs.org/safer-buffer 2ms (cache hit)
412 silly packumentCache full:https://registry.npmjs.org/safer-buffer set size:18521 disposed:false
413 silly placeDep ROOT ms@2.0.0 OK for: debug@2.6.9 want: 2.0.0
414 silly placeDep node_modules/htmlparser2 entities@7.0.1 OK for: htmlparser2@10.1.0 want: ^7.0.1
415 silly placeDep ROOT inherits@2.0.4 OK for: http-errors@2.0.1 want: ~2.0.4
416 silly placeDep ROOT toidentifier@1.0.1 OK for: http-errors@2.0.1 want: ~1.0.1
417 silly placeDep ROOT safer-buffer@2.1.2 OK for: iconv-lite@0.6.3 want: >= 2.1.2 < 3.0.0
418 silly placeDep ROOT mime-db@1.52.0 OK for: mime-types@2.1.35 want: 1.52.0
419 silly placeDep ROOT ee-first@1.1.1 OK for: on-finished@2.4.1 want: 1.1.1
420 silly placeDep node_modules/parse5 entities@6.0.1 OK for: parse5@7.3.0 want: ^6.0.0
421 silly placeDep ROOT forwarded@0.2.0 OK for: proxy-addr@2.0.7 want: 0.2.0
422 silly placeDep ROOT ipaddr.js@1.9.1 OK for: proxy-addr@2.0.7 want: 1.9.1
423 silly placeDep ROOT side-channel@1.1.0 OK for: qs@6.14.2 want: ^1.1.0
424 silly fetch manifest es-errors@^1.3.0
425 silly packumentCache full:https://registry.npmjs.org/es-errors cache-miss
426 silly fetch manifest object-inspect@^1.13.3
427 silly packumentCache full:https://registry.npmjs.org/object-inspect cache-miss
428 silly fetch manifest side-channel-list@^1.0.0
429 silly packumentCache full:https://registry.npmjs.org/side-channel-list cache-miss
430 silly fetch manifest side-channel-map@^1.0.1
431 silly packumentCache full:https://registry.npmjs.org/side-channel-map cache-miss
432 silly fetch manifest side-channel-weakmap@^1.0.2
433 silly packumentCache full:https://registry.npmjs.org/side-channel-weakmap cache-miss
434 http fetch GET 200 https://registry.npmjs.org/side-channel-list 45ms (cache miss)
435 silly packumentCache full:https://registry.npmjs.org/side-channel-list set size:undefined disposed:false
436 http fetch GET 200 https://registry.npmjs.org/side-channel-weakmap 55ms (cache miss)
437 silly packumentCache full:https://registry.npmjs.org/side-channel-weakmap set size:undefined disposed:false
438 http fetch GET 200 https://registry.npmjs.org/es-errors 57ms (cache miss)
439 silly packumentCache full:https://registry.npmjs.org/es-errors set size:undefined disposed:false
440 http fetch GET 200 https://registry.npmjs.org/side-channel-map 57ms (cache miss)
441 silly packumentCache full:https://registry.npmjs.org/side-channel-map set size:undefined disposed:false
442 http fetch GET 200 https://registry.npmjs.org/object-inspect 82ms (cache miss)
443 silly packumentCache full:https://registry.npmjs.org/object-inspect set size:undefined disposed:false
444 silly placeDep node_modules/raw-body iconv-lite@0.4.24 OK for: raw-body@2.5.3 want: ~0.4.24
445 silly placeDep ROOT mime@1.6.0 OK for: send@0.19.2 want: 1.6.0
446 silly placeDep node_modules/send ms@2.1.3 OK for: send@0.19.2 want: 2.1.3
447 silly placeDep ROOT es-errors@1.3.0 OK for: side-channel@1.1.0 want: ^1.3.0
448 silly placeDep ROOT object-inspect@1.13.4 OK for: side-channel@1.1.0 want: ^1.13.3
449 silly placeDep ROOT side-channel-list@1.0.0 OK for: side-channel@1.1.0 want: ^1.0.0
450 silly placeDep ROOT side-channel-map@1.0.1 OK for: side-channel@1.1.0 want: ^1.0.1
451 silly placeDep ROOT side-channel-weakmap@1.0.2 OK for: side-channel@1.1.0 want: ^1.0.2
452 silly fetch manifest call-bound@^1.0.2
453 silly packumentCache full:https://registry.npmjs.org/call-bound cache-miss
454 silly fetch manifest get-intrinsic@^1.2.5
455 silly packumentCache full:https://registry.npmjs.org/get-intrinsic cache-miss
456 silly fetch manifest call-bound@^1.0.2
457 silly packumentCache full:https://registry.npmjs.org/call-bound cache-miss
458 silly fetch manifest get-intrinsic@^1.2.5
459 silly packumentCache full:https://registry.npmjs.org/get-intrinsic cache-miss
460 http fetch GET 200 https://registry.npmjs.org/call-bound 39ms (cache miss)
461 silly packumentCache full:https://registry.npmjs.org/call-bound set size:undefined disposed:false
462 http fetch GET 200 https://registry.npmjs.org/get-intrinsic 48ms (cache miss)
463 silly packumentCache full:https://registry.npmjs.org/get-intrinsic set size:undefined disposed:false
464 http fetch GET 200 https://registry.npmjs.org/call-bound 57ms (cache miss)
465 silly packumentCache full:https://registry.npmjs.org/call-bound set size:undefined disposed:false
466 http fetch GET 200 https://registry.npmjs.org/get-intrinsic 65ms (cache miss)
467 silly packumentCache full:https://registry.npmjs.org/get-intrinsic set size:undefined disposed:false
468 silly placeDep ROOT call-bound@1.0.4 OK for: side-channel-map@1.0.1 want: ^1.0.2
469 silly placeDep ROOT get-intrinsic@1.3.0 OK for: side-channel-map@1.0.1 want: ^1.2.5
470 silly fetch manifest call-bind-apply-helpers@^1.0.2
471 silly packumentCache full:https://registry.npmjs.org/call-bind-apply-helpers cache-miss
472 silly fetch manifest get-intrinsic@^1.3.0
473 silly packumentCache full:https://registry.npmjs.org/get-intrinsic cache-miss
474 silly fetch manifest gopd@^1.2.0
475 silly packumentCache full:https://registry.npmjs.org/gopd cache-miss
476 silly fetch manifest hasown@^2.0.2
477 silly packumentCache full:https://registry.npmjs.org/hasown cache-miss
478 silly fetch manifest get-proto@^1.0.1
479 silly packumentCache full:https://registry.npmjs.org/get-proto cache-miss
480 silly fetch manifest has-symbols@^1.1.0
481 silly packumentCache full:https://registry.npmjs.org/has-symbols cache-miss
482 silly fetch manifest function-bind@^1.1.2
483 silly packumentCache full:https://registry.npmjs.org/function-bind cache-miss
484 http cache https://registry.npmjs.org/get-intrinsic 3ms (cache hit)
485 silly packumentCache full:https://registry.npmjs.org/get-intrinsic set size:60985 disposed:false
486 silly fetch manifest es-object-atoms@^1.1.1
487 silly packumentCache full:https://registry.npmjs.org/es-object-atoms cache-miss
488 http fetch GET 200 https://registry.npmjs.org/function-bind 58ms (cache miss)
489 silly packumentCache full:https://registry.npmjs.org/function-bind set size:undefined disposed:false
490 silly fetch manifest math-intrinsics@^1.1.0
491 silly packumentCache full:https://registry.npmjs.org/math-intrinsics cache-miss
492 http fetch GET 200 https://registry.npmjs.org/es-object-atoms 59ms (cache miss)
493 silly packumentCache full:https://registry.npmjs.org/es-object-atoms set size:undefined disposed:false
494 silly fetch manifest es-define-property@^1.0.1
495 silly packumentCache full:https://registry.npmjs.org/es-define-property cache-miss
496 http fetch GET 200 https://registry.npmjs.org/call-bind-apply-helpers 64ms (cache miss)
497 silly packumentCache full:https://registry.npmjs.org/call-bind-apply-helpers set size:undefined disposed:false
498 http fetch GET 200 https://registry.npmjs.org/hasown 65ms (cache miss)
499 silly packumentCache full:https://registry.npmjs.org/hasown set size:undefined disposed:false
500 http fetch GET 200 https://registry.npmjs.org/gopd 65ms (cache miss)
501 silly packumentCache full:https://registry.npmjs.org/gopd set size:undefined disposed:false
502 http fetch GET 200 https://registry.npmjs.org/get-proto 72ms (cache miss)
503 silly packumentCache full:https://registry.npmjs.org/get-proto set size:undefined disposed:false
504 http fetch GET 200 https://registry.npmjs.org/has-symbols 73ms (cache miss)
505 silly packumentCache full:https://registry.npmjs.org/has-symbols set size:undefined disposed:false
506 http fetch GET 200 https://registry.npmjs.org/math-intrinsics 48ms (cache miss)
507 silly packumentCache full:https://registry.npmjs.org/math-intrinsics set size:undefined disposed:false
508 http fetch GET 200 https://registry.npmjs.org/es-define-property 46ms (cache miss)
509 silly packumentCache full:https://registry.npmjs.org/es-define-property set size:undefined disposed:false
510 silly placeDep ROOT call-bind-apply-helpers@1.0.2 OK for: call-bound@1.0.4 want: ^1.0.2
511 silly placeDep ROOT function-bind@1.1.2 OK for: call-bind-apply-helpers@1.0.2 want: ^1.1.2
512 silly placeDep ROOT es-define-property@1.0.1 OK for: get-intrinsic@1.3.0 want: ^1.0.1
513 silly placeDep ROOT es-object-atoms@1.1.1 OK for: get-intrinsic@1.3.0 want: ^1.1.1
514 silly placeDep ROOT get-proto@1.0.1 OK for: get-intrinsic@1.3.0 want: ^1.0.1
515 silly placeDep ROOT gopd@1.2.0 OK for: get-intrinsic@1.3.0 want: ^1.2.0
516 silly placeDep ROOT has-symbols@1.1.0 OK for: get-intrinsic@1.3.0 want: ^1.1.0
517 silly placeDep ROOT hasown@2.0.2 OK for: get-intrinsic@1.3.0 want: ^2.0.2
518 silly placeDep ROOT math-intrinsics@1.1.0 OK for: get-intrinsic@1.3.0 want: ^1.1.0
519 silly fetch manifest dunder-proto@^1.0.1
520 silly packumentCache full:https://registry.npmjs.org/dunder-proto cache-miss
521 http fetch GET 200 https://registry.npmjs.org/dunder-proto 49ms (cache miss)
522 silly packumentCache full:https://registry.npmjs.org/dunder-proto set size:undefined disposed:false
523 silly placeDep ROOT dunder-proto@1.0.1 OK for: get-proto@1.0.1 want: ^1.0.1
524 silly placeDep ROOT media-typer@0.3.0 OK for: type-is@1.6.18 want: 0.3.0
525 silly reify moves {}
526 silly audit bulk request {
526 silly audit   cheerio: [ '1.2.0' ],
526 silly audit   express: [ '4.22.1' ],
526 silly audit   'cheerio-select': [ '2.1.0' ],
526 silly audit   'dom-serializer': [ '2.0.0' ],
526 silly audit   domhandler: [ '5.0.3' ],
526 silly audit   domutils: [ '3.2.2' ],
526 silly audit   'encoding-sniffer': [ '0.2.1' ],
526 silly audit   htmlparser2: [ '10.1.0' ],
526 silly audit   parse5: [ '7.3.0' ],
526 silly audit   'parse5-htmlparser2-tree-adapter': [ '7.1.0' ],
526 silly audit   'parse5-parser-stream': [ '7.1.2' ],
526 silly audit   undici: [ '7.22.0' ],
526 silly audit   'whatwg-mimetype': [ '4.0.0' ],
526 silly audit   boolbase: [ '1.0.0' ],
526 silly audit   'css-select': [ '5.2.2' ],
526 silly audit   'css-what': [ '6.2.2' ],
526 silly audit   domelementtype: [ '2.3.0' ],
526 silly audit   'nth-check': [ '2.1.1' ],
526 silly audit   entities: [ '4.5.0', '7.0.1', '6.0.1' ],
526 silly audit   'iconv-lite': [ '0.6.3', '0.4.24' ],
526 silly audit   'whatwg-encoding': [ '3.1.1' ],
526 silly audit   accepts: [ '1.3.8' ],
526 silly audit   'array-flatten': [ '1.1.1' ],
526 silly audit   'body-parser': [ '1.20.4' ],
526 silly audit   'content-disposition': [ '0.5.4' ],
526 silly audit   'content-type': [ '1.0.5' ],
526 silly audit   cookie: [ '0.7.2' ],
526 silly audit   'cookie-signature': [ '1.0.7' ],
526 silly audit   debug: [ '2.6.9' ],
526 silly audit   depd: [ '2.0.0' ],
526 silly audit   encodeurl: [ '2.0.0' ],
526 silly audit   'escape-html': [ '1.0.3' ],
526 silly audit   etag: [ '1.8.1' ],
526 silly audit   finalhandler: [ '1.3.2' ],
526 silly audit   fresh: [ '0.5.2' ],
526 silly audit   'http-errors': [ '2.0.1' ],
526 silly audit   'merge-descriptors': [ '1.0.3' ],
526 silly audit   methods: [ '1.1.2' ],
526 silly audit   'on-finished': [ '2.4.1' ],
526 silly audit   parseurl: [ '1.3.3' ],
526 silly audit   'path-to-regexp': [ '0.1.12' ],
526 silly audit   'proxy-addr': [ '2.0.7' ],
526 silly audit   qs: [ '6.14.2' ],
526 silly audit   'range-parser': [ '1.2.1' ],
526 silly audit   'safe-buffer': [ '5.2.1' ],
526 silly audit   send: [ '0.19.2' ],
526 silly audit   'serve-static': [ '1.16.3' ],
526 silly audit   setprototypeof: [ '1.2.0' ],
526 silly audit   statuses: [ '2.0.2' ],
526 silly audit   'type-is': [ '1.6.18' ],
526 silly audit   'utils-merge': [ '1.0.1' ],
526 silly audit   vary: [ '1.1.2' ],
526 silly audit   'mime-types': [ '2.1.35' ],
526 silly audit   negotiator: [ '0.6.3' ],
526 silly audit   bytes: [ '3.1.2' ],
526 silly audit   destroy: [ '1.2.0' ],
526 silly audit   'raw-body': [ '2.5.3' ],
526 silly audit   unpipe: [ '1.0.0' ],
526 silly audit   ms: [ '2.0.0', '2.1.3' ],
526 silly audit   inherits: [ '2.0.4' ],
526 silly audit   toidentifier: [ '1.0.1' ],
526 silly audit   'safer-buffer': [ '2.1.2' ],
526 silly audit   'mime-db': [ '1.52.0' ],
526 silly audit   'ee-first': [ '1.1.1' ],
526 silly audit   forwarded: [ '0.2.0' ],
526 silly audit   'ipaddr.js': [ '1.9.1' ],
526 silly audit   'side-channel': [ '1.1.0' ],
526 silly audit   mime: [ '1.6.0' ],
526 silly audit   'es-errors': [ '1.3.0' ],
526 silly audit   'object-inspect': [ '1.13.4' ],
526 silly audit   'side-channel-list': [ '1.0.0' ],
526 silly audit   'side-channel-map': [ '1.0.1' ],
526 silly audit   'side-channel-weakmap': [ '1.0.2' ],
526 silly audit   'call-bound': [ '1.0.4' ],
526 silly audit   'get-intrinsic': [ '1.3.0' ],
526 silly audit   'call-bind-apply-helpers': [ '1.0.2' ],
526 silly audit   'function-bind': [ '1.1.2' ],
526 silly audit   'es-define-property': [ '1.0.1' ],
526 silly audit   'es-object-atoms': [ '1.1.1' ],
526 silly audit   'get-proto': [ '1.0.1' ],
526 silly audit   gopd: [ '1.2.0' ],
526 silly audit   'has-symbols': [ '1.1.0' ],
526 silly audit   hasown: [ '2.0.2' ],
526 silly audit   'math-intrinsics': [ '1.1.0' ],
526 silly audit   'dunder-proto': [ '1.0.1' ],
526 silly audit   'media-typer': [ '0.3.0' ]
526 silly audit }
527 http cache hasown@https://registry.npmjs.org/hasown/-/hasown-2.0.2.tgz 0ms (cache hit)
528 http cache media-typer@https://registry.npmjs.org/media-typer/-/media-typer-0.3.0.tgz 0ms (cache hit)
529 http cache has-symbols@https://registry.npmjs.org/has-symbols/-/has-symbols-1.1.0.tgz 0ms (cache hit)
530 http cache dunder-proto@https://registry.npmjs.org/dunder-proto/-/dunder-proto-1.0.1.tgz 0ms (cache hit)
531 http cache get-proto@https://registry.npmjs.org/get-proto/-/get-proto-1.0.1.tgz 0ms (cache hit)
532 http cache gopd@https://registry.npmjs.org/gopd/-/gopd-1.2.0.tgz 0ms (cache hit)
533 http cache es-object-atoms@https://registry.npmjs.org/es-object-atoms/-/es-object-atoms-1.1.1.tgz 0ms (cache hit)
534 http cache call-bind-apply-helpers@https://registry.npmjs.org/call-bind-apply-helpers/-/call-bind-apply-helpers-1.0.2.tgz 0ms (cache hit)
535 http cache es-define-property@https://registry.npmjs.org/es-define-property/-/es-define-property-1.0.1.tgz 0ms (cache hit)
536 http cache function-bind@https://registry.npmjs.org/function-bind/-/function-bind-1.1.2.tgz 0ms (cache hit)
537 http cache call-bound@https://registry.npmjs.org/call-bound/-/call-bound-1.0.4.tgz 0ms (cache hit)
538 http cache get-intrinsic@https://registry.npmjs.org/get-intrinsic/-/get-intrinsic-1.3.0.tgz 0ms (cache hit)
539 http cache side-channel-weakmap@https://registry.npmjs.org/side-channel-weakmap/-/side-channel-weakmap-1.0.2.tgz 0ms (cache hit)
540 http cache side-channel-list@https://registry.npmjs.org/side-channel-list/-/side-channel-list-1.0.0.tgz 0ms (cache hit)
541 http cache side-channel-map@https://registry.npmjs.org/side-channel-map/-/side-channel-map-1.0.1.tgz 0ms (cache hit)
542 http cache math-intrinsics@https://registry.npmjs.org/math-intrinsics/-/math-intrinsics-1.1.0.tgz 0ms (cache hit)
543 http cache object-inspect@https://registry.npmjs.org/object-inspect/-/object-inspect-1.13.4.tgz 0ms (cache hit)
544 http cache es-errors@https://registry.npmjs.org/es-errors/-/es-errors-1.3.0.tgz 0ms (cache hit)
545 http cache mime@https://registry.npmjs.org/mime/-/mime-1.6.0.tgz 0ms (cache hit)
546 http cache ipaddr.js@https://registry.npmjs.org/ipaddr.js/-/ipaddr.js-1.9.1.tgz 0ms (cache hit)
547 http cache forwarded@https://registry.npmjs.org/forwarded/-/forwarded-0.2.0.tgz 0ms (cache hit)
548 http cache safer-buffer@https://registry.npmjs.org/safer-buffer/-/safer-buffer-2.1.2.tgz 0ms (cache hit)
549 http cache toidentifier@https://registry.npmjs.org/toidentifier/-/toidentifier-1.0.1.tgz 0ms (cache hit)
550 http cache side-channel@https://registry.npmjs.org/side-channel/-/side-channel-1.1.0.tgz 0ms (cache hit)
551 http cache mime-db@https://registry.npmjs.org/mime-db/-/mime-db-1.52.0.tgz 0ms (cache hit)
552 http cache ms@https://registry.npmjs.org/ms/-/ms-2.0.0.tgz 0ms (cache hit)
553 http cache inherits@https://registry.npmjs.org/inherits/-/inherits-2.0.4.tgz 0ms (cache hit)
554 http cache raw-body@https://registry.npmjs.org/raw-body/-/raw-body-2.5.3.tgz 0ms (cache hit)
555 http cache ee-first@https://registry.npmjs.org/ee-first/-/ee-first-1.1.1.tgz 0ms (cache hit)
556 http cache destroy@https://registry.npmjs.org/destroy/-/destroy-1.2.0.tgz 0ms (cache hit)
557 http cache unpipe@https://registry.npmjs.org/unpipe/-/unpipe-1.0.0.tgz 0ms (cache hit)
558 http cache bytes@https://registry.npmjs.org/bytes/-/bytes-3.1.2.tgz 0ms (cache hit)
559 http cache mime-types@https://registry.npmjs.org/mime-types/-/mime-types-2.1.35.tgz 0ms (cache hit)
560 http cache negotiator@https://registry.npmjs.org/negotiator/-/negotiator-0.6.3.tgz 0ms (cache hit)
561 http cache vary@https://registry.npmjs.org/vary/-/vary-1.1.2.tgz 0ms (cache hit)
562 http cache utils-merge@https://registry.npmjs.org/utils-merge/-/utils-merge-1.0.1.tgz 0ms (cache hit)
563 http cache type-is@https://registry.npmjs.org/type-is/-/type-is-1.6.18.tgz 0ms (cache hit)
564 http cache statuses@https://registry.npmjs.org/statuses/-/statuses-2.0.2.tgz 0ms (cache hit)
565 http cache serve-static@https://registry.npmjs.org/serve-static/-/serve-static-1.16.3.tgz 0ms (cache hit)
566 http cache send@https://registry.npmjs.org/send/-/send-0.19.2.tgz 0ms (cache hit)
567 http cache safe-buffer@https://registry.npmjs.org/safe-buffer/-/safe-buffer-5.2.1.tgz 0ms (cache hit)
568 http cache range-parser@https://registry.npmjs.org/range-parser/-/range-parser-1.2.1.tgz 0ms (cache hit)
569 http cache qs@https://registry.npmjs.org/qs/-/qs-6.14.2.tgz 0ms (cache hit)
570 http cache proxy-addr@https://registry.npmjs.org/proxy-addr/-/proxy-addr-2.0.7.tgz 0ms (cache hit)
571 http cache parseurl@https://registry.npmjs.org/parseurl/-/parseurl-1.3.3.tgz 0ms (cache hit)
572 http cache path-to-regexp@https://registry.npmjs.org/path-to-regexp/-/path-to-regexp-0.1.12.tgz 0ms (cache hit)
573 http cache methods@https://registry.npmjs.org/methods/-/methods-1.1.2.tgz 0ms (cache hit)
574 http cache on-finished@https://registry.npmjs.org/on-finished/-/on-finished-2.4.1.tgz 0ms (cache hit)
575 http cache merge-descriptors@https://registry.npmjs.org/merge-descriptors/-/merge-descriptors-1.0.3.tgz 0ms (cache hit)
576 http cache http-errors@https://registry.npmjs.org/http-errors/-/http-errors-2.0.1.tgz 0ms (cache hit)
577 http cache fresh@https://registry.npmjs.org/fresh/-/fresh-0.5.2.tgz 0ms (cache hit)
578 http cache finalhandler@https://registry.npmjs.org/finalhandler/-/finalhandler-1.3.2.tgz 0ms (cache hit)
579 http cache etag@https://registry.npmjs.org/etag/-/etag-1.8.1.tgz 0ms (cache hit)
580 http cache escape-html@https://registry.npmjs.org/escape-html/-/escape-html-1.0.3.tgz 0ms (cache hit)
581 http cache encodeurl@https://registry.npmjs.org/encodeurl/-/encodeurl-2.0.0.tgz 0ms (cache hit)
582 http cache debug@https://registry.npmjs.org/debug/-/debug-2.6.9.tgz 0ms (cache hit)
583 http cache depd@https://registry.npmjs.org/depd/-/depd-2.0.0.tgz 0ms (cache hit)
584 http cache cookie@https://registry.npmjs.org/cookie/-/cookie-0.7.2.tgz 0ms (cache hit)
585 http cache cookie-signature@https://registry.npmjs.org/cookie-signature/-/cookie-signature-1.0.7.tgz 0ms (cache hit)
586 http cache content-type@https://registry.npmjs.org/content-type/-/content-type-1.0.5.tgz 0ms (cache hit)
587 http cache setprototypeof@https://registry.npmjs.org/setprototypeof/-/setprototypeof-1.2.0.tgz 0ms (cache hit)
588 http cache array-flatten@https://registry.npmjs.org/array-flatten/-/array-flatten-1.1.1.tgz 0ms (cache hit)
589 http cache accepts@https://registry.npmjs.org/accepts/-/accepts-1.3.8.tgz 0ms (cache hit)
590 http cache iconv-lite@https://registry.npmjs.org/iconv-lite/-/iconv-lite-0.6.3.tgz 0ms (cache hit)
591 http cache whatwg-encoding@https://registry.npmjs.org/whatwg-encoding/-/whatwg-encoding-3.1.1.tgz 0ms (cache hit)
592 http cache body-parser@https://registry.npmjs.org/body-parser/-/body-parser-1.20.4.tgz 0ms (cache hit)
593 http cache nth-check@https://registry.npmjs.org/nth-check/-/nth-check-2.1.1.tgz 0ms (cache hit)
594 http cache entities@https://registry.npmjs.org/entities/-/entities-4.5.0.tgz 0ms (cache hit)
595 http cache domelementtype@https://registry.npmjs.org/domelementtype/-/domelementtype-2.3.0.tgz 0ms (cache hit)
596 http cache css-what@https://registry.npmjs.org/css-what/-/css-what-6.2.2.tgz 0ms (cache hit)
597 http cache content-disposition@https://registry.npmjs.org/content-disposition/-/content-disposition-0.5.4.tgz 0ms (cache hit)
598 http cache boolbase@https://registry.npmjs.org/boolbase/-/boolbase-1.0.0.tgz 0ms (cache hit)
599 http cache undici@https://registry.npmjs.org/undici/-/undici-7.22.0.tgz 0ms (cache hit)
600 http cache parse5-parser-stream@https://registry.npmjs.org/parse5-parser-stream/-/parse5-parser-stream-7.1.2.tgz 0ms (cache hit)
601 http cache parse5-htmlparser2-tree-adapter@https://registry.npmjs.org/parse5-htmlparser2-tree-adapter/-/parse5-htmlparser2-tree-adapter-7.1.0.tgz 0ms (cache hit)
602 http cache parse5@https://registry.npmjs.org/parse5/-/parse5-7.3.0.tgz 0ms (cache hit)
603 http cache css-select@https://registry.npmjs.org/css-select/-/css-select-5.2.2.tgz 0ms (cache hit)
604 http cache htmlparser2@https://registry.npmjs.org/htmlparser2/-/htmlparser2-10.1.0.tgz 0ms (cache hit)
605 http cache encoding-sniffer@https://registry.npmjs.org/encoding-sniffer/-/encoding-sniffer-0.2.1.tgz 0ms (cache hit)
606 http cache domutils@https://registry.npmjs.org/domutils/-/domutils-3.2.2.tgz 0ms (cache hit)
607 http cache domhandler@https://registry.npmjs.org/domhandler/-/domhandler-5.0.3.tgz 0ms (cache hit)
608 http cache whatwg-mimetype@https://registry.npmjs.org/whatwg-mimetype/-/whatwg-mimetype-4.0.0.tgz 0ms (cache hit)
609 http cache dom-serializer@https://registry.npmjs.org/dom-serializer/-/dom-serializer-2.0.0.tgz 0ms (cache hit)
610 http cache cheerio-select@https://registry.npmjs.org/cheerio-select/-/cheerio-select-2.1.0.tgz 0ms (cache hit)
611 http cache express@https://registry.npmjs.org/express/-/express-4.22.1.tgz 0ms (cache hit)
612 http cache cheerio@https://registry.npmjs.org/cheerio/-/cheerio-1.2.0.tgz 0ms (cache hit)
613 http cache iconv-lite@https://registry.npmjs.org/iconv-lite/-/iconv-lite-0.4.24.tgz 0ms (cache hit)
614 http cache ms@https://registry.npmjs.org/ms/-/ms-2.1.3.tgz 0ms (cache hit)
615 http cache entities@https://registry.npmjs.org/entities/-/entities-6.0.1.tgz 0ms (cache hit)
616 http cache iconv-lite@https://registry.npmjs.org/iconv-lite/-/iconv-lite-0.4.24.tgz 0ms (cache hit)
617 http cache entities@https://registry.npmjs.org/entities/-/entities-7.0.1.tgz 0ms (cache hit)
618 silly tarball no local data for hasown@https://registry.npmjs.org/hasown/-/hasown-2.0.2.tgz. Extracting by manifest.
619 silly tarball no local data for media-typer@https://registry.npmjs.org/media-typer/-/media-typer-0.3.0.tgz. Extracting by manifest.
620 silly tarball no local data for has-symbols@https://registry.npmjs.org/has-symbols/-/has-symbols-1.1.0.tgz. Extracting by manifest.
621 silly tarball no local data for dunder-proto@https://registry.npmjs.org/dunder-proto/-/dunder-proto-1.0.1.tgz. Extracting by manifest.
622 silly tarball no local data for get-proto@https://registry.npmjs.org/get-proto/-/get-proto-1.0.1.tgz. Extracting by manifest.
623 silly tarball no local data for gopd@https://registry.npmjs.org/gopd/-/gopd-1.2.0.tgz. Extracting by manifest.
624 silly tarball no local data for es-object-atoms@https://registry.npmjs.org/es-object-atoms/-/es-object-atoms-1.1.1.tgz. Extracting by manifest.
625 silly tarball no local data for call-bind-apply-helpers@https://registry.npmjs.org/call-bind-apply-helpers/-/call-bind-apply-helpers-1.0.2.tgz. Extracting by manifest.
626 silly tarball no local data for es-define-property@https://registry.npmjs.org/es-define-property/-/es-define-property-1.0.1.tgz. Extracting by manifest.
627 silly tarball no local data for function-bind@https://registry.npmjs.org/function-bind/-/function-bind-1.1.2.tgz. Extracting by manifest.
628 silly tarball no local data for call-bound@https://registry.npmjs.org/call-bound/-/call-bound-1.0.4.tgz. Extracting by manifest.
629 silly tarball no local data for get-intrinsic@https://registry.npmjs.org/get-intrinsic/-/get-intrinsic-1.3.0.tgz. Extracting by manifest.
630 silly tarball no local data for side-channel-weakmap@https://registry.npmjs.org/side-channel-weakmap/-/side-channel-weakmap-1.0.2.tgz. Extracting by manifest.
631 silly tarball no local data for side-channel-list@https://registry.npmjs.org/side-channel-list/-/side-channel-list-1.0.0.tgz. Extracting by manifest.
632 silly tarball no local data for side-channel-map@https://registry.npmjs.org/side-channel-map/-/side-channel-map-1.0.1.tgz. Extracting by manifest.
633 silly tarball no local data for math-intrinsics@https://registry.npmjs.org/math-intrinsics/-/math-intrinsics-1.1.0.tgz. Extracting by manifest.
634 silly tarball no local data for object-inspect@https://registry.npmjs.org/object-inspect/-/object-inspect-1.13.4.tgz. Extracting by manifest.
635 silly tarball no local data for es-errors@https://registry.npmjs.org/es-errors/-/es-errors-1.3.0.tgz. Extracting by manifest.
636 silly tarball no local data for mime@https://registry.npmjs.org/mime/-/mime-1.6.0.tgz. Extracting by manifest.
637 silly tarball no local data for ipaddr.js@https://registry.npmjs.org/ipaddr.js/-/ipaddr.js-1.9.1.tgz. Extracting by manifest.
638 silly tarball no local data for forwarded@https://registry.npmjs.org/forwarded/-/forwarded-0.2.0.tgz. Extracting by manifest.
639 silly tarball no local data for safer-buffer@https://registry.npmjs.org/safer-buffer/-/safer-buffer-2.1.2.tgz. Extracting by manifest.
640 silly tarball no local data for toidentifier@https://registry.npmjs.org/toidentifier/-/toidentifier-1.0.1.tgz. Extracting by manifest.
641 silly tarball no local data for side-channel@https://registry.npmjs.org/side-channel/-/side-channel-1.1.0.tgz. Extracting by manifest.
642 silly tarball no local data for mime-db@https://registry.npmjs.org/mime-db/-/mime-db-1.52.0.tgz. Extracting by manifest.
643 silly tarball no local data for ms@https://registry.npmjs.org/ms/-/ms-2.0.0.tgz. Extracting by manifest.
644 silly tarball no local data for inherits@https://registry.npmjs.org/inherits/-/inherits-2.0.4.tgz. Extracting by manifest.
645 silly tarball no local data for raw-body@https://registry.npmjs.org/raw-body/-/raw-body-2.5.3.tgz. Extracting by manifest.
646 silly tarball no local data for ee-first@https://registry.npmjs.org/ee-first/-/ee-first-1.1.1.tgz. Extracting by manifest.
647 silly tarball no local data for destroy@https://registry.npmjs.org/destroy/-/destroy-1.2.0.tgz. Extracting by manifest.
648 silly tarball no local data for unpipe@https://registry.npmjs.org/unpipe/-/unpipe-1.0.0.tgz. Extracting by manifest.
649 silly tarball no local data for bytes@https://registry.npmjs.org/bytes/-/bytes-3.1.2.tgz. Extracting by manifest.
650 silly tarball no local data for mime-types@https://registry.npmjs.org/mime-types/-/mime-types-2.1.35.tgz. Extracting by manifest.
651 silly tarball no local data for negotiator@https://registry.npmjs.org/negotiator/-/negotiator-0.6.3.tgz. Extracting by manifest.
652 silly tarball no local data for vary@https://registry.npmjs.org/vary/-/vary-1.1.2.tgz. Extracting by manifest.
653 silly tarball no local data for utils-merge@https://registry.npmjs.org/utils-merge/-/utils-merge-1.0.1.tgz. Extracting by manifest.
654 silly tarball no local data for type-is@https://registry.npmjs.org/type-is/-/type-is-1.6.18.tgz. Extracting by manifest.
655 silly tarball no local data for statuses@https://registry.npmjs.org/statuses/-/statuses-2.0.2.tgz. Extracting by manifest.
656 silly tarball no local data for serve-static@https://registry.npmjs.org/serve-static/-/serve-static-1.16.3.tgz. Extracting by manifest.
657 silly tarball no local data for send@https://registry.npmjs.org/send/-/send-0.19.2.tgz. Extracting by manifest.
658 silly tarball no local data for safe-buffer@https://registry.npmjs.org/safe-buffer/-/safe-buffer-5.2.1.tgz. Extracting by manifest.
659 silly tarball no local data for range-parser@https://registry.npmjs.org/range-parser/-/range-parser-1.2.1.tgz. Extracting by manifest.
660 silly tarball no local data for qs@https://registry.npmjs.org/qs/-/qs-6.14.2.tgz. Extracting by manifest.
661 silly tarball no local data for proxy-addr@https://registry.npmjs.org/proxy-addr/-/proxy-addr-2.0.7.tgz. Extracting by manifest.
662 silly tarball no local data for parseurl@https://registry.npmjs.org/parseurl/-/parseurl-1.3.3.tgz. Extracting by manifest.
663 silly tarball no local data for path-to-regexp@https://registry.npmjs.org/path-to-regexp/-/path-to-regexp-0.1.12.tgz. Extracting by manifest.
664 silly tarball no local data for methods@https://registry.npmjs.org/methods/-/methods-1.1.2.tgz. Extracting by manifest.
665 silly tarball no local data for on-finished@https://registry.npmjs.org/on-finished/-/on-finished-2.4.1.tgz. Extracting by manifest.
666 silly tarball no local data for merge-descriptors@https://registry.npmjs.org/merge-descriptors/-/merge-descriptors-1.0.3.tgz. Extracting by manifest.
667 silly tarball no local data for http-errors@https://registry.npmjs.org/http-errors/-/http-errors-2.0.1.tgz. Extracting by manifest.
668 silly tarball no local data for fresh@https://registry.npmjs.org/fresh/-/fresh-0.5.2.tgz. Extracting by manifest.
669 silly tarball no local data for finalhandler@https://registry.npmjs.org/finalhandler/-/finalhandler-1.3.2.tgz. Extracting by manifest.
670 silly tarball no local data for etag@https://registry.npmjs.org/etag/-/etag-1.8.1.tgz. Extracting by manifest.
671 silly tarball no local data for escape-html@https://registry.npmjs.org/escape-html/-/escape-html-1.0.3.tgz. Extracting by manifest.
672 silly tarball no local data for encodeurl@https://registry.npmjs.org/encodeurl/-/encodeurl-2.0.0.tgz. Extracting by manifest.
673 silly tarball no local data for debug@https://registry.npmjs.org/debug/-/debug-2.6.9.tgz. Extracting by manifest.
674 silly tarball no local data for depd@https://registry.npmjs.org/depd/-/depd-2.0.0.tgz. Extracting by manifest.
675 silly tarball no local data for cookie@https://registry.npmjs.org/cookie/-/cookie-0.7.2.tgz. Extracting by manifest.
676 silly tarball no local data for cookie-signature@https://registry.npmjs.org/cookie-signature/-/cookie-signature-1.0.7.tgz. Extracting by manifest.
677 silly tarball no local data for content-type@https://registry.npmjs.org/content-type/-/content-type-1.0.5.tgz. Extracting by manifest.
678 silly tarball no local data for setprototypeof@https://registry.npmjs.org/setprototypeof/-/setprototypeof-1.2.0.tgz. Extracting by manifest.
679 silly tarball no local data for array-flatten@https://registry.npmjs.org/array-flatten/-/array-flatten-1.1.1.tgz. Extracting by manifest.
680 silly tarball no local data for accepts@https://registry.npmjs.org/accepts/-/accepts-1.3.8.tgz. Extracting by manifest.
681 silly tarball no local data for iconv-lite@https://registry.npmjs.org/iconv-lite/-/iconv-lite-0.6.3.tgz. Extracting by manifest.
682 silly tarball no local data for whatwg-encoding@https://registry.npmjs.org/whatwg-encoding/-/whatwg-encoding-3.1.1.tgz. Extracting by manifest.
683 silly tarball no local data for body-parser@https://registry.npmjs.org/body-parser/-/body-parser-1.20.4.tgz. Extracting by manifest.
684 silly tarball no local data for nth-check@https://registry.npmjs.org/nth-check/-/nth-check-2.1.1.tgz. Extracting by manifest.
685 silly tarball no local data for entities@https://registry.npmjs.org/entities/-/entities-4.5.0.tgz. Extracting by manifest.
686 silly tarball no local data for domelementtype@https://registry.npmjs.org/domelementtype/-/domelementtype-2.3.0.tgz. Extracting by manifest.
687 silly tarball no local data for css-what@https://registry.npmjs.org/css-what/-/css-what-6.2.2.tgz. Extracting by manifest.
688 silly tarball no local data for content-disposition@https://registry.npmjs.org/content-disposition/-/content-disposition-0.5.4.tgz. Extracting by manifest.
689 silly tarball no local data for boolbase@https://registry.npmjs.org/boolbase/-/boolbase-1.0.0.tgz. Extracting by manifest.
690 silly tarball no local data for undici@https://registry.npmjs.org/undici/-/undici-7.22.0.tgz. Extracting by manifest.
691 silly tarball no local data for parse5-parser-stream@https://registry.npmjs.org/parse5-parser-stream/-/parse5-parser-stream-7.1.2.tgz. Extracting by manifest.
692 silly tarball no local data for parse5-htmlparser2-tree-adapter@https://registry.npmjs.org/parse5-htmlparser2-tree-adapter/-/parse5-htmlparser2-tree-adapter-7.1.0.tgz. Extracting by manifest.
693 silly tarball no local data for parse5@https://registry.npmjs.org/parse5/-/parse5-7.3.0.tgz. Extracting by manifest.
694 silly tarball no local data for css-select@https://registry.npmjs.org/css-select/-/css-select-5.2.2.tgz. Extracting by manifest.
695 silly tarball no local data for htmlparser2@https://registry.npmjs.org/htmlparser2/-/htmlparser2-10.1.0.tgz. Extracting by manifest.
696 silly tarball no local data for encoding-sniffer@https://registry.npmjs.org/encoding-sniffer/-/encoding-sniffer-0.2.1.tgz. Extracting by manifest.
697 silly tarball no local data for domutils@https://registry.npmjs.org/domutils/-/domutils-3.2.2.tgz. Extracting by manifest.
698 silly tarball no local data for domhandler@https://registry.npmjs.org/domhandler/-/domhandler-5.0.3.tgz. Extracting by manifest.
699 silly tarball no local data for whatwg-mimetype@https://registry.npmjs.org/whatwg-mimetype/-/whatwg-mimetype-4.0.0.tgz. Extracting by manifest.
700 silly tarball no local data for dom-serializer@https://registry.npmjs.org/dom-serializer/-/dom-serializer-2.0.0.tgz. Extracting by manifest.
701 silly tarball no local data for cheerio-select@https://registry.npmjs.org/cheerio-select/-/cheerio-select-2.1.0.tgz. Extracting by manifest.
702 silly tarball no local data for express@https://registry.npmjs.org/express/-/express-4.22.1.tgz. Extracting by manifest.
703 silly tarball no local data for cheerio@https://registry.npmjs.org/cheerio/-/cheerio-1.2.0.tgz. Extracting by manifest.
704 silly tarball no local data for iconv-lite@https://registry.npmjs.org/iconv-lite/-/iconv-lite-0.4.24.tgz. Extracting by manifest.
705 silly tarball no local data for ms@https://registry.npmjs.org/ms/-/ms-2.1.3.tgz. Extracting by manifest.
706 silly tarball no local data for entities@https://registry.npmjs.org/entities/-/entities-6.0.1.tgz. Extracting by manifest.
707 silly tarball no local data for iconv-lite@https://registry.npmjs.org/iconv-lite/-/iconv-lite-0.4.24.tgz. Extracting by manifest.
708 silly tarball no local data for entities@https://registry.npmjs.org/entities/-/entities-7.0.1.tgz. Extracting by manifest.
709 http fetch GET 200 https://registry.npmjs.org/gopd/-/gopd-1.2.0.tgz 66ms (cache miss)
710 http fetch GET 200 https://registry.npmjs.org/hasown/-/hasown-2.0.2.tgz 83ms (cache miss)
711 http fetch GET 200 https://registry.npmjs.org/media-typer/-/media-typer-0.3.0.tgz 85ms (cache miss)
712 http fetch GET 200 https://registry.npmjs.org/dunder-proto/-/dunder-proto-1.0.1.tgz 86ms (cache miss)
713 http fetch GET 200 https://registry.npmjs.org/get-proto/-/get-proto-1.0.1.tgz 86ms (cache miss)
714 http fetch GET 200 https://registry.npmjs.org/has-symbols/-/has-symbols-1.1.0.tgz 93ms (cache miss)
715 http fetch GET 200 https://registry.npmjs.org/side-channel-map/-/side-channel-map-1.0.1.tgz 108ms (cache miss)
716 http fetch GET 200 https://registry.npmjs.org/math-intrinsics/-/math-intrinsics-1.1.0.tgz 168ms (cache miss)
717 http fetch GET 200 https://registry.npmjs.org/es-errors/-/es-errors-1.3.0.tgz 168ms (cache miss)
718 http fetch GET 200 https://registry.npmjs.org/forwarded/-/forwarded-0.2.0.tgz 177ms (cache miss)
719 http fetch GET 200 https://registry.npmjs.org/es-define-property/-/es-define-property-1.0.1.tgz 182ms (cache miss)
720 http fetch GET 200 https://registry.npmjs.org/side-channel-weakmap/-/side-channel-weakmap-1.0.2.tgz 184ms (cache miss)
721 http fetch GET 200 https://registry.npmjs.org/side-channel-list/-/side-channel-list-1.0.0.tgz 192ms (cache miss)
722 http fetch GET 200 https://registry.npmjs.org/call-bind-apply-helpers/-/call-bind-apply-helpers-1.0.2.tgz 192ms (cache miss)
723 http fetch GET 200 https://registry.npmjs.org/call-bound/-/call-bound-1.0.4.tgz 194ms (cache miss)
724 http fetch GET 200 https://registry.npmjs.org/ipaddr.js/-/ipaddr.js-1.9.1.tgz 216ms (cache miss)
725 http fetch GET 200 https://registry.npmjs.org/get-intrinsic/-/get-intrinsic-1.3.0.tgz 228ms (cache miss)
726 http fetch GET 200 https://registry.npmjs.org/function-bind/-/function-bind-1.1.2.tgz 228ms (cache miss)
727 http fetch GET 200 https://registry.npmjs.org/mime/-/mime-1.6.0.tgz 230ms (cache miss)
728 http fetch GET 200 https://registry.npmjs.org/inherits/-/inherits-2.0.4.tgz 233ms (cache miss)
729 http fetch GET 200 https://registry.npmjs.org/side-channel/-/side-channel-1.1.0.tgz 250ms (cache miss)
730 http fetch GET 200 https://registry.npmjs.org/es-object-atoms/-/es-object-atoms-1.1.1.tgz 258ms (cache miss)
731 http fetch GET 200 https://registry.npmjs.org/raw-body/-/raw-body-2.5.3.tgz 261ms (cache miss)
732 http fetch POST 200 https://registry.npmjs.org/-/npm/v1/security/advisories/bulk 300ms
733 silly audit report {}
734 http fetch GET 200 https://registry.npmjs.org/ms/-/ms-2.0.0.tgz 281ms (cache miss)
735 http fetch GET 200 https://registry.npmjs.org/unpipe/-/unpipe-1.0.0.tgz 281ms (cache miss)
736 http fetch GET 200 https://registry.npmjs.org/destroy/-/destroy-1.2.0.tgz 281ms (cache miss)
737 http fetch GET 200 https://registry.npmjs.org/safer-buffer/-/safer-buffer-2.1.2.tgz 283ms (cache miss)
738 http fetch GET 200 https://registry.npmjs.org/object-inspect/-/object-inspect-1.13.4.tgz 283ms (cache miss)
739 http fetch GET 200 https://registry.npmjs.org/negotiator/-/negotiator-0.6.3.tgz 284ms (cache miss)
740 http fetch GET 200 https://registry.npmjs.org/vary/-/vary-1.1.2.tgz 290ms (cache miss)
741 http fetch GET 200 https://registry.npmjs.org/utils-merge/-/utils-merge-1.0.1.tgz 292ms (cache miss)
742 http fetch GET 200 https://registry.npmjs.org/bytes/-/bytes-3.1.2.tgz 301ms (cache miss)
743 http fetch GET 200 https://registry.npmjs.org/mime-db/-/mime-db-1.52.0.tgz 315ms (cache miss)
744 http fetch GET 200 https://registry.npmjs.org/ee-first/-/ee-first-1.1.1.tgz 336ms (cache miss)
745 http fetch GET 200 https://registry.npmjs.org/type-is/-/type-is-1.6.18.tgz 335ms (cache miss)
746 http fetch GET 200 https://registry.npmjs.org/mime-types/-/mime-types-2.1.35.tgz 336ms (cache miss)
747 http fetch GET 200 https://registry.npmjs.org/statuses/-/statuses-2.0.2.tgz 342ms (cache miss)
748 http fetch GET 200 https://registry.npmjs.org/range-parser/-/range-parser-1.2.1.tgz 344ms (cache miss)
749 http fetch GET 200 https://registry.npmjs.org/proxy-addr/-/proxy-addr-2.0.7.tgz 350ms (cache miss)
750 http fetch GET 200 https://registry.npmjs.org/methods/-/methods-1.1.2.tgz 359ms (cache miss)
751 http fetch GET 200 https://registry.npmjs.org/parseurl/-/parseurl-1.3.3.tgz 362ms (cache miss)
752 http fetch GET 200 https://registry.npmjs.org/serve-static/-/serve-static-1.16.3.tgz 363ms (cache miss)
753 http fetch GET 200 https://registry.npmjs.org/on-finished/-/on-finished-2.4.1.tgz 377ms (cache miss)
754 http fetch GET 200 https://registry.npmjs.org/safe-buffer/-/safe-buffer-5.2.1.tgz 378ms (cache miss)
755 http fetch GET 200 https://registry.npmjs.org/merge-descriptors/-/merge-descriptors-1.0.3.tgz 381ms (cache miss)
756 http fetch GET 200 https://registry.npmjs.org/http-errors/-/http-errors-2.0.1.tgz 397ms (cache miss)
757 http fetch GET 200 https://registry.npmjs.org/escape-html/-/escape-html-1.0.3.tgz 397ms (cache miss)
758 http fetch GET 200 https://registry.npmjs.org/finalhandler/-/finalhandler-1.3.2.tgz 413ms (cache miss)
759 http fetch GET 200 https://registry.npmjs.org/encodeurl/-/encodeurl-2.0.0.tgz 414ms (cache miss)
760 http fetch GET 200 https://registry.npmjs.org/fresh/-/fresh-0.5.2.tgz 420ms (cache miss)
761 http fetch GET 200 https://registry.npmjs.org/cookie-signature/-/cookie-signature-1.0.7.tgz 424ms (cache miss)
762 http fetch GET 200 https://registry.npmjs.org/array-flatten/-/array-flatten-1.1.1.tgz 441ms (cache miss)
763 http fetch GET 200 https://registry.npmjs.org/path-to-regexp/-/path-to-regexp-0.1.12.tgz 443ms (cache miss)
764 http fetch GET 200 https://registry.npmjs.org/setprototypeof/-/setprototypeof-1.2.0.tgz 446ms (cache miss)
765 http fetch GET 200 https://registry.npmjs.org/content-type/-/content-type-1.0.5.tgz 452ms (cache miss)
766 http fetch GET 200 https://registry.npmjs.org/cookie/-/cookie-0.7.2.tgz 464ms (cache miss)
767 http fetch GET 200 https://registry.npmjs.org/accepts/-/accepts-1.3.8.tgz 482ms (cache miss)
768 http fetch GET 200 https://registry.npmjs.org/etag/-/etag-1.8.1.tgz 484ms (cache miss)
769 http fetch GET 200 https://registry.npmjs.org/debug/-/debug-2.6.9.tgz 484ms (cache miss)
770 http fetch GET 200 https://registry.npmjs.org/whatwg-encoding/-/whatwg-encoding-3.1.1.tgz 494ms (cache miss)
771 warn deprecated whatwg-encoding@3.1.1: Use @exodus/bytes instead for a more spec-conformant and faster implementation
772 http fetch GET 200 https://registry.npmjs.org/depd/-/depd-2.0.0.tgz 504ms (cache miss)
773 http fetch GET 200 https://registry.npmjs.org/send/-/send-0.19.2.tgz 511ms (cache miss)
774 http fetch GET 200 https://registry.npmjs.org/domelementtype/-/domelementtype-2.3.0.tgz 515ms (cache miss)
775 http fetch GET 200 https://registry.npmjs.org/boolbase/-/boolbase-1.0.0.tgz 538ms (cache miss)
776 http fetch GET 200 https://registry.npmjs.org/content-disposition/-/content-disposition-0.5.4.tgz 552ms (cache miss)
777 http fetch GET 200 https://registry.npmjs.org/body-parser/-/body-parser-1.20.4.tgz 558ms (cache miss)
778 http fetch GET 200 https://registry.npmjs.org/parse5-parser-stream/-/parse5-parser-stream-7.1.2.tgz 558ms (cache miss)
779 http fetch GET 200 https://registry.npmjs.org/parse5-htmlparser2-tree-adapter/-/parse5-htmlparser2-tree-adapter-7.1.0.tgz 579ms (cache miss)
780 http fetch GET 200 https://registry.npmjs.org/css-what/-/css-what-6.2.2.tgz 632ms (cache miss)
781 http fetch GET 200 https://registry.npmjs.org/whatwg-mimetype/-/whatwg-mimetype-4.0.0.tgz 643ms (cache miss)
782 http fetch GET 200 https://registry.npmjs.org/dom-serializer/-/dom-serializer-2.0.0.tgz 686ms (cache miss)
783 http fetch GET 200 https://registry.npmjs.org/toidentifier/-/toidentifier-1.0.1.tgz 701ms (cache miss)
784 http fetch GET 200 https://registry.npmjs.org/encoding-sniffer/-/encoding-sniffer-0.2.1.tgz 768ms (cache miss)
785 http fetch GET 200 https://registry.npmjs.org/domutils/-/domutils-3.2.2.tgz 795ms (cache miss)
786 http fetch GET 200 https://registry.npmjs.org/ms/-/ms-2.1.3.tgz 822ms (cache miss)
787 http fetch GET 200 https://registry.npmjs.org/htmlparser2/-/htmlparser2-10.1.0.tgz 868ms (cache miss)
788 http fetch GET 200 https://registry.npmjs.org/domhandler/-/domhandler-5.0.3.tgz 1003ms (cache miss)
789 http fetch GET 200 https://registry.npmjs.org/cheerio-select/-/cheerio-select-2.1.0.tgz 1087ms (cache miss)
790 http fetch GET 200 https://registry.npmjs.org/nth-check/-/nth-check-2.1.1.tgz 1094ms (cache miss)
791 http fetch GET 200 https://registry.npmjs.org/express/-/express-4.22.1.tgz 1163ms (cache miss)
792 http fetch GET 200 https://registry.npmjs.org/qs/-/qs-6.14.2.tgz 1305ms (cache miss)
793 http fetch GET 200 https://registry.npmjs.org/entities/-/entities-4.5.0.tgz 1401ms (cache miss)
794 http fetch GET 200 https://registry.npmjs.org/parse5/-/parse5-7.3.0.tgz 1407ms (cache miss)
795 http fetch GET 200 https://registry.npmjs.org/cheerio/-/cheerio-1.2.0.tgz 1509ms (cache miss)
796 http fetch GET 200 https://registry.npmjs.org/css-select/-/css-select-5.2.2.tgz 1562ms (cache miss)
797 http fetch GET 200 https://registry.npmjs.org/entities/-/entities-6.0.1.tgz 1610ms (cache miss)
798 http fetch GET 200 https://registry.npmjs.org/entities/-/entities-7.0.1.tgz 1638ms (cache miss)
799 http fetch GET 200 https://registry.npmjs.org/iconv-lite/-/iconv-lite-0.4.24.tgz 1798ms (cache miss)
800 http fetch GET 200 https://registry.npmjs.org/iconv-lite/-/iconv-lite-0.4.24.tgz 1855ms (cache miss)
801 http fetch GET 200 https://registry.npmjs.org/iconv-lite/-/iconv-lite-0.6.3.tgz 1979ms (cache miss)
802 http fetch GET 200 https://registry.npmjs.org/undici/-/undici-7.22.0.tgz 3452ms (cache miss)
803 silly ADD node_modules/media-typer
804 silly ADD node_modules/dunder-proto
805 silly ADD node_modules/math-intrinsics
806 silly ADD node_modules/hasown
807 silly ADD node_modules/has-symbols
808 silly ADD node_modules/gopd
809 silly ADD node_modules/get-proto
810 silly ADD node_modules/es-object-atoms
811 silly ADD node_modules/es-define-property
812 silly ADD node_modules/function-bind
813 silly ADD node_modules/call-bind-apply-helpers
814 silly ADD node_modules/get-intrinsic
815 silly ADD node_modules/call-bound
816 silly ADD node_modules/side-channel-weakmap
817 silly ADD node_modules/side-channel-map
818 silly ADD node_modules/side-channel-list
819 silly ADD node_modules/object-inspect
820 silly ADD node_modules/es-errors
821 silly ADD node_modules/mime
822 silly ADD node_modules/side-channel
823 silly ADD node_modules/ipaddr.js
824 silly ADD node_modules/forwarded
825 silly ADD node_modules/ee-first
826 silly ADD node_modules/mime-db
827 silly ADD node_modules/safer-buffer
828 silly ADD node_modules/toidentifier
829 silly ADD node_modules/inherits
830 silly ADD node_modules/ms
831 silly ADD node_modules/unpipe
832 silly ADD node_modules/raw-body
833 silly ADD node_modules/raw-body/node_modules/iconv-lite
834 silly ADD node_modules/destroy
835 silly ADD node_modules/bytes
836 silly ADD node_modules/negotiator
837 silly ADD node_modules/mime-types
838 silly ADD node_modules/vary
839 silly ADD node_modules/utils-merge
840 silly ADD node_modules/type-is
841 silly ADD node_modules/statuses
842 silly ADD node_modules/setprototypeof
843 silly ADD node_modules/serve-static
844 silly ADD node_modules/send
845 silly ADD node_modules/send/node_modules/ms
846 silly ADD node_modules/safe-buffer
847 silly ADD node_modules/range-parser
848 silly ADD node_modules/qs
849 silly ADD node_modules/proxy-addr
850 silly ADD node_modules/path-to-regexp
851 silly ADD node_modules/parseurl
852 silly ADD node_modules/on-finished
853 silly ADD node_modules/methods
854 silly ADD node_modules/merge-descriptors
855 silly ADD node_modules/http-errors
856 silly ADD node_modules/fresh
857 silly ADD node_modules/finalhandler
858 silly ADD node_modules/etag
859 silly ADD node_modules/escape-html
860 silly ADD node_modules/encodeurl
861 silly ADD node_modules/depd
862 silly ADD node_modules/debug
863 silly ADD node_modules/cookie-signature
864 silly ADD node_modules/cookie
865 silly ADD node_modules/content-type
866 silly ADD node_modules/content-disposition
867 silly ADD node_modules/body-parser
868 silly ADD node_modules/body-parser/node_modules/iconv-lite
869 silly ADD node_modules/array-flatten
870 silly ADD node_modules/accepts
871 silly ADD node_modules/whatwg-encoding
872 silly ADD node_modules/iconv-lite
873 silly ADD node_modules/entities
874 silly ADD node_modules/nth-check
875 silly ADD node_modules/domelementtype
876 silly ADD node_modules/css-what
877 silly ADD node_modules/css-select
878 silly ADD node_modules/boolbase
879 silly ADD node_modules/whatwg-mimetype
880 silly ADD node_modules/undici
881 silly ADD node_modules/parse5-parser-stream
882 silly ADD node_modules/parse5-htmlparser2-tree-adapter
883 silly ADD node_modules/parse5
884 silly ADD node_modules/parse5/node_modules/entities
885 silly ADD node_modules/htmlparser2
886 silly ADD node_modules/htmlparser2/node_modules/entities
887 silly ADD node_modules/encoding-sniffer
888 silly ADD node_modules/domutils
889 silly ADD node_modules/domhandler
890 silly ADD node_modules/dom-serializer
891 silly ADD node_modules/cheerio-select
892 silly ADD node_modules/express
893 silly ADD node_modules/cheerio
894 verbose cwd /Users/luciarc/Bifimed
895 verbose os Darwin 24.6.0
896 verbose node v25.2.1
897 verbose npm  v11.6.2
898 verbose exit 0
899 info ok
